1.use 4.7 kernel test:
[root@CentOS ~]# iperf -c 192.168.12.11 -P 1 -t 100 -i 1 -w 256k
------------------------------------------------------------
Client connecting to 192.168.12.11, TCP port 5001
TCP window size:  448 KByte (WARNING: requested  256 KByte)
------------------------------------------------------------
[  3] local 192.168.12.12 port 55354 connected with 192.168.12.11 port 5001
[ ID] Interval       Transfer     Bandwidth
[  3]  0.0- 1.0 sec  1.09 GBytes  9.40 Gbits/sec
[  3]  1.0- 2.0 sec  1.10 GBytes  9.41 Gbits/sec
[  3]  2.0- 3.0 sec  1.10 GBytes  9.42 Gbits/sec
[  3]  3.0- 4.0 sec  1.10 GBytes  9.41 Gbits/sec
[  3]  4.0- 5.0 sec  1.10 GBytes  9.41 Gbits/sec
[  3]  5.0- 6.0 sec  1.10 GBytes  9.41 Gbits/sec
[  3]  6.0- 7.0 sec  1.10 GBytes  9.42 Gbits/sec
[  3]  7.0- 8.0 sec  1.10 GBytes  9.41 Gbits/sec
[  3]  8.0- 9.0 sec  1.10 GBytes  9.42 Gbits/sec
[  3]  9.0-10.0 sec  1.10 GBytes  9.41 Gbits/sec
[  3] 10.0-11.0 sec  1.10 GBytes  9.42 Gbits/sec
[  3] 11.0-12.0 sec  1.10 GBytes  9.41 Gbits/sec
[  3] 12.0-13.0 sec  1.10 GBytes  9.41 Gbits/sec
[  3] 13.0-14.0 sec  1.10 GBytes  9.42 Gbits/sec
[  3] 14.0-15.0 sec  1.10 GBytes  9.42 Gbits/sec
[  3] 15.0-16.0 sec  1.10 GBytes  9.41 Gbits/sec
[  3] 16.0-17.0 sec  1.10 GBytes  9.41 Gbits/sec
[  3] 17.0-18.0 sec  1.10 GBytes  9.42 Gbits/sec
[  3] 18.0-19.0 sec  1.10 GBytes  9.41 Gbits/sec
[  3] 19.0-20.0 sec  1.10 GBytes  9.42 Gbits/sec
[  3] 20.0-21.0 sec  1.10 GBytes  9.41 Gbits/sec
[  3] 21.0-22.0 sec  1.10 GBytes  9.42 Gbits/sec
[  3] 22.0-23.0 sec  1.10 GBytes  9.41 Gbits/sec
[  3] 23.0-24.0 sec  1.10 GBytes  9.42 Gbits/sec
[  3] 24.0-25.0 sec  1.10 GBytes  9.42 Gbits/sec
[  3] 25.0-26.0 sec  1.10 GBytes  9.41 Gbits/sec
[  3] 26.0-27.0 sec  1.10 GBytes  9.41 Gbits/sec
[  3] 27.0-28.0 sec  1.10 GBytes  9.42 Gbits/sec
[  3] 28.0-29.0 sec  1.10 GBytes  9.41 Gbits/sec
[  3] 29.0-30.0 sec  1.10 GBytes  9.42 Gbits/sec
[  3] 30.0-31.0 sec  1.10 GBytes  9.41 Gbits/sec
[  3] 31.0-32.0 sec  1.10 GBytes  9.42 Gbits/sec
[  3] 32.0-33.0 sec  1.10 GBytes  9.41 Gbits/sec
[  3] 33.0-34.0 sec  1.10 GBytes  9.41 Gbits/sec
[  3] 34.0-35.0 sec  1.10 GBytes  9.42 Gbits/sec
[  3] 35.0-36.0 sec  1.10 GBytes  9.42 Gbits/sec
[  3] 36.0-37.0 sec  1.10 GBytes  9.41 Gbits/sec
[  3] 37.0-38.0 sec  1.10 GBytes  9.41 Gbits/sec
[  3] 38.0-39.0 sec  1.10 GBytes  9.41 Gbits/sec
[  3] 39.0-40.0 sec  1.10 GBytes  9.42 Gbits/sec
[  3] 40.0-41.0 sec  1.10 GBytes  9.42 Gbits/sec
[  3] 41.0-42.0 sec  1.10 GBytes  9.41 Gbits/sec
[  3] 42.0-43.0 sec  1.10 GBytes  9.42 Gbits/sec
[  3] 43.0-44.0 sec  1.10 GBytes  9.42 Gbits/sec
[  3] 44.0-45.0 sec  1.10 GBytes  9.41 Gbits/sec
[  3] 45.0-46.0 sec  1.10 GBytes  9.42 Gbits/sec
[  3] 46.0-47.0 sec  1.10 GBytes  9.41 Gbits/sec
[  3] 47.0-48.0 sec  1.10 GBytes  9.42 Gbits/sec
[  3] 48.0-49.0 sec  1.10 GBytes  9.42 Gbits/sec
[  3] 49.0-50.0 sec  1.10 GBytes  9.41 Gbits/sec
[  3] 50.0-51.0 sec  1.10 GBytes  9.41 Gbits/sec
[  3] 51.0-52.0 sec  1.10 GBytes  9.42 Gbits/sec
[  3] 52.0-53.0 sec  1.10 GBytes  9.41 Gbits/sec
[  3] 53.0-54.0 sec  1.10 GBytes  9.41 Gbits/sec
[  3] 54.0-55.0 sec  1.10 GBytes  9.42 Gbits/sec
[  3] 55.0-56.0 sec  1.10 GBytes  9.42 Gbits/sec
[  3] 56.0-57.0 sec  1.10 GBytes  9.41 Gbits/sec
[  3] 57.0-58.0 sec  1.10 GBytes  9.42 Gbits/sec
[  3] 58.0-59.0 sec  1.10 GBytes  9.41 Gbits/sec
[  3] 59.0-60.0 sec  1.10 GBytes  9.42 Gbits/sec
[  3] 60.0-61.0 sec  1.10 GBytes  9.41 Gbits/sec
[  3] 61.0-62.0 sec  1.10 GBytes  9.41 Gbits/sec
[  3] 62.0-63.0 sec  1.10 GBytes  9.41 Gbits/sec
[  3] 63.0-64.0 sec  1.10 GBytes  9.42 Gbits/sec
[  3] 64.0-65.0 sec  1.10 GBytes  9.41 Gbits/sec
[  3] 65.0-66.0 sec  1.10 GBytes  9.41 Gbits/sec
[  3] 66.0-67.0 sec  1.10 GBytes  9.42 Gbits/sec
[  3] 67.0-68.0 sec  1.10 GBytes  9.41 Gbits/sec
[  3] 68.0-69.0 sec  1.10 GBytes  9.42 Gbits/sec
[  3] 69.0-70.0 sec  1.10 GBytes  9.41 Gbits/sec
[  3] 70.0-71.0 sec  1.10 GBytes  9.42 Gbits/sec
[  3] 71.0-72.0 sec  1.10 GBytes  9.42 Gbits/sec
[  3] 72.0-73.0 sec  1.10 GBytes  9.41 Gbits/sec
[  3] 73.0-74.0 sec  1.10 GBytes  9.42 Gbits/sec
[  3] 74.0-75.0 sec  1.10 GBytes  9.41 Gbits/sec
[  3] 75.0-76.0 sec  1.10 GBytes  9.42 Gbits/sec
[  3] 76.0-77.0 sec  1.10 GBytes  9.41 Gbits/sec
[  3] 77.0-78.0 sec  1.10 GBytes  9.41 Gbits/sec
[  3] 78.0-79.0 sec  1.10 GBytes  9.42 Gbits/sec
[  3] 79.0-80.0 sec  1.10 GBytes  9.42 Gbits/sec
[  3] 80.0-81.0 sec  1.10 GBytes  9.41 Gbits/sec
[  3] 81.0-82.0 sec  1.10 GBytes  9.41 Gbits/sec
[  3] 82.0-83.0 sec  1.10 GBytes  9.41 Gbits/sec
[  3] 83.0-84.0 sec  1.10 GBytes  9.42 Gbits/sec
[  3] 84.0-85.0 sec  1.10 GBytes  9.41 Gbits/sec
[  3] 85.0-86.0 sec  1.10 GBytes  9.41 Gbits/sec
[  3] 86.0-87.0 sec  1.10 GBytes  9.42 Gbits/sec
[  3] 87.0-88.0 sec  1.10 GBytes  9.41 Gbits/sec
[  3] 88.0-89.0 sec  1.10 GBytes  9.41 Gbits/sec
[  3] 89.0-90.0 sec  1.10 GBytes  9.42 Gbits/sec
[  3] 90.0-91.0 sec  1.10 GBytes  9.41 Gbits/sec
[  3] 91.0-92.0 sec  1.10 GBytes  9.42 Gbits/sec
[  3] 92.0-93.0 sec  1.10 GBytes  9.41 Gbits/sec
[  3] 93.0-94.0 sec  1.10 GBytes  9.42 Gbits/sec
[  3] 94.0-95.0 sec  1.10 GBytes  9.41 Gbits/sec
[  3] 95.0-96.0 sec  1.10 GBytes  9.42 Gbits/sec
[  3] 96.0-97.0 sec  1.10 GBytes  9.41 Gbits/sec
[  3] 97.0-98.0 sec  1.10 GBytes  9.42 Gbits/sec
[  3] 98.0-99.0 sec  1.10 GBytes  9.41 Gbits/sec
[  3] 99.0-100.0 sec  1.10 GBytes  9.42 Gbits/sec
[  3]  0.0-100.0 sec   110 GBytes  9.41 Gbits/sec
(reverse-i-search)`': 
[root@CentOS ~]# iperf -s -w 256k
------------------------------------------------------------
Server listening on TCP port 5001
TCP window size:  448 KByte (WARNING: requested  256 KByte)
------------------------------------------------------------
[  4] local 192.168.12.12 port 5001 connected with 192.168.12.11 port 53074
[ ID] Interval       Transfer     Bandwidth
[  4]  0.0-100.0 sec   110 GBytes  9.41 Gbits/sec


3.use 4.9 with 4.7config and hns
------------------------------------------------------------
Client connecting to 192.168.12.11, TCP port 5001
TCP window size:  448 KByte (WARNING: requested  256 KByte)
------------------------------------------------------------
[  3] local 192.168.12.12 port 41952 connected with 192.168.12.11 port 5001
[ ID] Interval       Transfer     Bandwidth
[  3]  0.0- 0.3 sec   379 MBytes  9.34 Gbits/sec

------------------------------------------------------------
Client connecting to 192.168.12.11, TCP port 5001
TCP window size:  448 KByte (WARNING: requested  256 KByte)
------------------------------------------------------------
[  3] local 192.168.12.12 port 41954 connected with 192.168.12.11 port 5001
[ ID] Interval       Transfer     Bandwidth
[  3]  0.0- 0.7 sec   814 MBytes  9.39 Gbits/sec

------------------------------------------------------------
Client connecting to 192.168.12.11, TCP port 5001
TCP window size:  448 KByte (WARNING: requested  256 KByte)
------------------------------------------------------------
[  3] local 192.168.12.12 port 41956 connected with 192.168.12.11 port 5001
[ ID] Interval       Transfer     Bandwidth
[  3]  0.0- 0.6 sec   679 MBytes  9.37 Gbits/sec

------------------------------------------------------------
Client connecting to 192.168.12.11, TCP port 5001
TCP window size:  448 KByte (WARNING: requested  256 KByte)
------------------------------------------------------------
[  3] local 192.168.12.12 port 41958 connected with 192.168.12.11 port 5001
[ ID] Interval       Transfer     Bandwidth
[  3]  0.0- 0.4 sec   485 MBytes  9.35 Gbits/sec
[root@CentOS ~]# 
[root@CentOS ~]# 
[root@CentOS ~]# 
[root@CentOS ~]# 
[root@CentOS ~]# iperf -s -w 256k
------------------------------------------------------------
Server listening on TCP port 5001
TCP window size:  448 KByte (WARNING: requested  256 KByte)
------------------------------------------------------------
[  4] local 192.168.12.12 port 5001 connected with 192.168.12.11 port 49676
[ ID] Interval       Transfer     Bandwidth
[  4]  0.0-10.0 sec  11.0 GBytes  9.41 Gbits/sec
[  5] local 192.168.12.12 port 5001 connected with 192.168.12.11 port 49678
[  5]  0.0-10.0 sec  11.0 GBytes  9.41 Gbits/sec
[  4] local 192.168.12.12 port 5001 connected with 192.168.12.11 port 49680
[  4]  0.0- 5.3 sec  5.80 GBytes  9.40 Gbits/sec
[  5] local 192.168.12.12 port 5001 connected with 192.168.12.11 port 49682
[  5]  0.0- 0.6 sec   611 MBytes  9.26 Gbits/sec
[  4] local 192.168.12.12 port 5001 connected with 192.168.12.11 port 49684
[  4]  0.0- 0.3 sec   373 MBytes  9.15 Gbits/sec
[  5] local 192.168.12.12 port 5001 connected with 192.168.12.11 port 49686
[  5]  0.0- 0.3 sec   292 MBytes  9.38 Gbits/sec
[  4] local 192.168.12.12 port 5001 connected with 192.168.12.11 port 49688
[  4]  0.0- 0.3 sec   289 MBytes  9.28 Gbits/sec
[root@CentOS ~]# qperf -oo msg_size:1:64k:*2 192.168.12.11 tcp_bw tcp_lat
tcp_bw:
    bw  =  1.8 MB/sec
tcp_bw:
    bw  =  3.43 MB/sec
tcp_bw:
    bw  =  6.82 MB/sec
tcp_bw:
    bw  =  13.6 MB/sec
tcp_bw:
    bw  =  26 MB/sec
tcp_bw:
    bw  =  50.5 MB/sec
tcp_bw:
    bw  =  96.5 MB/sec
tcp_bw:
    bw  =  182 MB/sec
tcp_bw:
    bw  =  317 MB/sec
tcp_bw:
    bw  =  494 MB/sec
tcp_bw:
    bw  =  677 MB/sec
tcp_bw:
    bw  =  823 MB/sec
tcp_bw:
    bw  =  1.18 GB/sec
tcp_bw:
    bw  =  1.18 GB/sec
tcp_bw:
    bw  =  1.17 GB/sec
tcp_bw:
    bw  =  1.18 GB/sec
tcp_lat:
    latency  =  27.6 us
tcp_lat:
    latency  =  27.6 us
tcp_lat:
    latency  =  27.6 us
tcp_lat:
    latency  =  27.6 us
tcp_lat:
    latency  =  27.6 us
tcp_lat:
    latency  =  27.6 us
tcp_lat:
    latency  =  27.6 us
tcp_lat:
    latency  =  27.6 us
tcp_lat:
    latency  =  27.6 us
tcp_lat:
    latency  =  27.6 us
tcp_lat:
    latency  =  27.6 us
tcp_lat:
    latency  =  60.9 us
tcp_lat:
    latency  =  62.3 us
tcp_lat:
    latency  =  70.1 us
tcp_lat:
    latency  =  75.3 us
tcp_lat:
    latency  =  100 us


------------------------------------------------------------
4.estuary_defconfig without crypto and secure options
------------------------------------------------------------
Client connecting to 192.168.12.11, TCP port 5001
TCP window size:  448 KByte (WARNING: requested  256 KByte)
------------------------------------------------------------
[  3] local 192.168.12.12 port 58976 connected with 192.168.12.11 port 5001
[ ID] Interval       Transfer     Bandwidth
[  3]  0.0- 1.0 sec   907 MBytes  7.61 Gbits/sec
[  3]  1.0- 2.0 sec   769 MBytes  6.45 Gbits/sec
[  3]  2.0- 3.0 sec   768 MBytes  6.44 Gbits/sec
[  3]  3.0- 4.0 sec   769 MBytes  6.45 Gbits/sec
[  3]  4.0- 5.0 sec   767 MBytes  6.44 Gbits/sec
[  3]  5.0- 6.0 sec   769 MBytes  6.45 Gbits/sec
[  3]  6.0- 7.0 sec   769 MBytes  6.45 Gbits/sec
[  3]  7.0- 8.0 sec   769 MBytes  6.45 Gbits/sec
[  3]  8.0- 9.0 sec   769 MBytes  6.45 Gbits/sec
[  3]  9.0-10.0 sec   768 MBytes  6.45 Gbits/sec
[  3]  0.0-10.0 sec  7.64 GBytes  6.56 Gbits/sec
------------------------------------------------------------
Client connecting to 192.168.12.11, TCP port 5001
TCP window size:  448 KByte (WARNING: requested  256 KByte)
------------------------------------------------------------
[  3] local 192.168.12.12 port 58978 connected with 192.168.12.11 port 5001
[ ID] Interval       Transfer     Bandwidth
[  3]  0.0- 1.0 sec   923 MBytes  7.74 Gbits/sec
[  3]  1.0- 2.0 sec   766 MBytes  6.42 Gbits/sec
[  3]  2.0- 3.0 sec   765 MBytes  6.42 Gbits/sec
[  3]  3.0- 4.0 sec   765 MBytes  6.42 Gbits/sec
[  3]  4.0- 5.0 sec   766 MBytes  6.42 Gbits/sec
[  3]  5.0- 6.0 sec   765 MBytes  6.42 Gbits/sec
[  3]  6.0- 7.0 sec   762 MBytes  6.40 Gbits/sec
[  3]  7.0- 8.0 sec   761 MBytes  6.39 Gbits/sec
[  3]  8.0- 9.0 sec   761 MBytes  6.38 Gbits/sec
[  3]  9.0-10.0 sec   762 MBytes  6.39 Gbits/sec
[  3]  0.0-10.0 sec  7.61 GBytes  6.54 Gbits/sec

------------------------------------------------------------
Client connecting to 192.168.12.11, TCP port 5001
TCP window size:  448 KByte (WARNING: requested  256 KByte)
------------------------------------------------------------
[  3] local 192.168.12.12 port 58980 connected with 192.168.12.11 port 5001
[ ID] Interval       Transfer     Bandwidth
[  3]  0.0- 1.0 sec   922 MBytes  7.73 Gbits/sec
[  3]  1.0- 2.0 sec   763 MBytes  6.40 Gbits/sec
[  3]  2.0- 3.0 sec   763 MBytes  6.40 Gbits/sec
[  3]  3.0- 4.0 sec   762 MBytes  6.40 Gbits/sec
[  3]  4.0- 5.0 sec   830 MBytes  6.96 Gbits/sec
[  3]  5.0- 6.0 sec   764 MBytes  6.41 Gbits/sec
[  3]  6.0- 7.0 sec   763 MBytes  6.40 Gbits/sec
[  3]  7.0- 8.0 sec   763 MBytes  6.40 Gbits/sec
[  3]  8.0- 9.0 sec   764 MBytes  6.40 Gbits/sec
[  3]  9.0-10.0 sec   762 MBytes  6.40 Gbits/sec
[  3]  0.0-10.0 sec  7.67 GBytes  6.59 Gbits/sec
------------------------------------------------------------
Client connecting to 192.168.12.11, TCP port 5001
TCP window size:  448 KByte (WARNING: requested  256 KByte)
------------------------------------------------------------
[  3] local 192.168.12.12 port 58982 connected with 192.168.12.11 port 5001
[ ID] Interval       Transfer     Bandwidth
[  3]  0.0- 1.0 sec   911 MBytes  7.64 Gbits/sec
[  3]  1.0- 2.0 sec   766 MBytes  6.42 Gbits/sec
[  3]  2.0- 3.0 sec   766 MBytes  6.42 Gbits/sec
[  3]  3.0- 4.0 sec   765 MBytes  6.42 Gbits/sec
[  3]  4.0- 5.0 sec   874 MBytes  7.33 Gbits/sec
[  3]  5.0- 6.0 sec   766 MBytes  6.43 Gbits/sec
[  3]  6.0- 7.0 sec   766 MBytes  6.43 Gbits/sec
[  3]  7.0- 8.0 sec   766 MBytes  6.42 Gbits/sec
[  3]  8.0- 9.0 sec   767 MBytes  6.43 Gbits/sec
[  3]  9.0-10.0 sec   766 MBytes  6.43 Gbits/sec
[  3]  0.0-10.0 sec  7.73 GBytes  6.64 Gbits/sec
------------------------------------------------------------
Client connecting to 192.168.12.11, TCP port 5001
TCP window size:  448 KByte (WARNING: requested  256 KByte)
------------------------------------------------------------
[  3] local 192.168.12.12 port 58984 connected with 192.168.12.11 port 5001
[ ID] Interval       Transfer     Bandwidth
[  3]  0.0- 1.0 sec   934 MBytes  7.83 Gbits/sec
[  3]  1.0- 2.0 sec   813 MBytes  6.82 Gbits/sec
[  3]  2.0- 3.0 sec   815 MBytes  6.84 Gbits/sec
[  3]  3.0- 4.0 sec   814 MBytes  6.83 Gbits/sec
[  3]  4.0- 5.0 sec   814 MBytes  6.83 Gbits/sec
[  3]  5.0- 6.0 sec   814 MBytes  6.83 Gbits/sec
[  3]  6.0- 7.0 sec   815 MBytes  6.84 Gbits/sec
[  3]  7.0- 8.0 sec   816 MBytes  6.84 Gbits/sec
[  3]  8.0- 9.0 sec   912 MBytes  7.65 Gbits/sec
[  3]  9.0-10.0 sec   818 MBytes  6.86 Gbits/sec
[  3]  0.0-10.0 sec  8.17 GBytes  7.02 Gbits/sec
------------------------------------------------------------
Client connecting to 192.168.12.11, TCP port 5001
TCP window size:  448 KByte (WARNING: requested  256 KByte)
------------------------------------------------------------
[  3] local 192.168.12.12 port 58986 connected with 192.168.12.11 port 5001
[ ID] Interval       Transfer     Bandwidth
[  3]  0.0- 1.0 sec   902 MBytes  7.56 Gbits/sec
[  3]  1.0- 2.0 sec   762 MBytes  6.40 Gbits/sec
[  3]  2.0- 3.0 sec   762 MBytes  6.39 Gbits/sec
[  3]  3.0- 4.0 sec   762 MBytes  6.39 Gbits/sec
[  3]  4.0- 5.0 sec   762 MBytes  6.39 Gbits/sec
[  3]  5.0- 6.0 sec   762 MBytes  6.39 Gbits/sec
[  3]  6.0- 7.0 sec   763 MBytes  6.40 Gbits/sec
[  3]  7.0- 8.0 sec   762 MBytes  6.39 Gbits/sec
[  3]  8.0- 9.0 sec  1.04 GBytes  8.97 Gbits/sec
[  3]  9.0-10.0 sec  1.10 GBytes  9.42 Gbits/sec
[  3]  0.0-10.0 sec  8.23 GBytes  7.07 Gbits/sec
[root@CentOS ~]# 
[root@CentOS ~]# cat /proc/version 
Linux version 4.9.0+ (fengchunsong@HTSAT-OPENLAB-SERVER) (gcc version 4.9.2 20140904 (prerelease) (crosstool-NG linaro-1.13.1-4.9-2014.09 - Linaro GCC 4.9-2014.09) ) #1 SMP Tue[root@CentOS ~]# qperf -oo msg_size:1:64k:*2 192.168.12.11 tcp_bw tcp_lat
tcp_bw:
    bw  =  1.74 MB/sec
tcp_bw:
    bw  =  3.66 MB/sec
tcp_bw:
    bw  =  7.22 MB/sec
tcp_bw:
    bw  =  14 MB/sec
tcp_bw:
    bw  =  28.3 MB/sec
tcp_bw:
    bw  =  53.5 MB/sec
tcp_bw:
    bw  =  102 MB/sec
tcp_bw:
    bw  =  187 MB/sec
tcp_bw:
    bw  =  320 MB/sec
tcp_bw:
    bw  =  642 MB/sec
tcp_bw:
    bw  =  949 MB/sec
tcp_bw:
    bw  =  1.02 GB/sec
tcp_bw:
    bw  =  916 MB/sec
tcp_bw:
    bw  =  1 GB/sec
tcp_bw:
    bw  =  1.12 GB/sec
tcp_bw:
    bw  =  1.1 GB/sec
tcp_lat:
    latency  =  27.6 us
tcp_lat:
    latency  =  27.6 us
tcp_lat:
    latency  =  27.7 us
tcp_lat:
    latency  =  27.6 us
tcp_lat:
    latency  =  27.6 us
tcp_lat:
    latency  =  27.6 us
tcp_lat:
    latency  =  27.7 us
tcp_lat:
    latency  =  27.7 us
tcp_lat:
    latency  =  27.6 us
tcp_lat:
    latency  =  27.6 us
tcp_lat:
    latency  =  27.6 us
tcp_lat:
    latency  =  62.8 us
tcp_lat:
    latency  =  63.1 us
tcp_lat:
    latency  =  66.1 us
tcp_lat:
    latency  =  72.6 us
tcp_lat:           ': scp fengchunsong@192.168.1.101:~/mkernel_estuarywithout_cry
[root@CentOS ~]# 02 ': scp fengchunsong@192.168.1.101:~/mkernel_estuarywithout_cr
[root@CentOS ~]# netperf -H 192.168.12.11 -l 60ne': scp fengchunsong@192.168.1.101:~/mkernel_estuarywithout_c
MIGRATED TCP STREAM TEST from 0.0.0.0 (0.0.0.0) port 0 AF_INET to 192.168.12.11 () port 0 AF_INET
Recv   Send    Send                          
Socket Socket  Message  Elapsed              
Size   Size    Size     Time     Throughput  
bytes  bytes   bytes    secs.    10^6bits/sec  

 87380  16384  16384    60.00    9414.45 


6.common mini config should be ok
[root@CentOS network-scripts]# iperf -c 192.168.12.11 -P 1 -i 1 -t 30
------------------------------------------------------------
Client connecting to 192.168.12.11, TCP port 5001
TCP window size: 85.0 KByte (default)
------------------------------------------------------------
[  3] local 192.168.12.12 port 40374 connected with 192.168.12.11 port 5001
[ ID] Interval       Transfer     Bandwidth
[  3]  0.0- 1.0 sec   724 MBytes  6.07 Gbits/sec
[  3]  1.0- 2.0 sec   735 MBytes  6.16 Gbits/sec
[  3]  2.0- 3.0 sec   739 MBytes  6.20 Gbits/sec
[  3]  3.0- 4.0 sec   737 MBytes  6.18 Gbits/sec
[  3]  4.0- 5.0 sec   739 MBytes  6.20 Gbits/sec
[  3]  5.0- 6.0 sec   739 MBytes  6.20 Gbits/sec
[  3]  6.0- 7.0 sec   740 MBytes  6.21 Gbits/sec
[  3]  7.0- 8.0 sec   739 MBytes  6.20 Gbits/sec
[  3]  8.0- 9.0 sec   739 MBytes  6.20 Gbits/sec
[  3]  9.0-10.0 sec   736 MBytes  6.18 Gbits/sec
[  3] 10.0-11.0 sec   739 MBytes  6.20 Gbits/sec
[  3] 11.0-12.0 sec   740 MBytes  6.21 Gbits/sec
[  3] 12.0-13.0 sec   740 MBytes  6.20 Gbits/sec
[  3] 13.0-14.0 sec   738 MBytes  6.19 Gbits/sec
[  3] 14.0-15.0 sec   737 MBytes  6.18 Gbits/sec
[  3] 15.0-16.0 sec   739 MBytes  6.20 Gbits/sec
[  3] 16.0-17.0 sec   739 MBytes  6.20 Gbits/sec
[  3] 17.0-18.0 sec   740 MBytes  6.21 Gbits/sec
[  3] 18.0-19.0 sec   741 MBytes  6.22 Gbits/sec
[  3] 19.0-20.0 sec   742 MBytes  6.22 Gbits/sec
[  3] 20.0-21.0 sec   740 MBytes  6.21 Gbits/sec
[  3] 21.0-22.0 sec   740 MBytes  6.21 Gbits/sec
[  3] 22.0-23.0 sec   740 MBytes  6.21 Gbits/sec
[  3] 23.0-24.0 sec   740 MBytes  6.21 Gbits/sec
[  3] 24.0-25.0 sec   739 MBytes  6.20 Gbits/sec
[  3] 25.0-26.0 sec   739 MBytes  6.20 Gbits/sec
[  3] 26.0-27.0 sec   738 MBytes  6.19 Gbits/sec
[  3] 27.0-28.0 sec   739 MBytes  6.20 Gbits/sec
[  3] 28.0-29.0 sec   738 MBytes  6.19 Gbits/sec
[  3] 29.0-30.0 sec   737 MBytes  6.18 Gbits/sec
[  3]  0.0-30.0 sec  21.6 GBytes  6.19 Gbits/sec
[root@CentOS network-scripts]# qperf


[root@CentOS network-scripts]# netperf -H 192.168.12.11 -l 60
MIGRATED TCP STREAM TEST from 0.0.0.0 (0.0.0.0) port 0 AF_INET to 192.168.12.11 () port 0 AF_INET
Recv   Send    Send                          
Socket Socket  Message  Elapsed              
Size   Size    Size     Time     Throughput  
bytes  bytes   bytes    secs.    10^6bits/sec  

 87380  16384  16384    60.01    6037.19  

tcp_bw:tntOS network-scripts]# qperf -oo msg_size:1:64k:*2 192.168.12.12 tcp_lbw 

    bw  =  1.67 MB/sec
tcp_bw:
    bw  =  3.42 MB/sec
tcp_bw:
    bw  =  6.7 MB/sec
tcp_bw:
    bw  =  12.9 MB/sec
tcp_bw:
    bw  =  23.6 MB/sec
tcp_bw:
    bw  =  46.5 MB/sec
tcp_bw:
    bw  =  89.7 MB/sec
tcp_bw:
    bw  =  173 MB/sec
tcp_bw:
    bw  =  309 MB/sec
tcp_bw:
    bw  =  457 MB/sec
tcp_bw:
    bw  =  668 MB/sec
tcp_bw:
    bw  =  646 MB/sec
tcp_bw:
    bw  =  664 MB/sec
tcp_bw:
    bw  =  694 MB/sec
tcp_bw:
    bw  =  814 MB/sec
tcp_bw:
    bw  =  765 MB/sec
tcp_lat:
    latency  =  28.1 us
tcp_lat:
    latency  =  27.9 us
tcp_lat:
    latency  =  28.4 us
tcp_lat:
    latency  =  28.2 us
tcp_lat:
    latency  =  28 us
tcp_lat:
    latency  =  28.1 us
tcp_lat:
    latency  =  28.3 us
tcp_lat:
    latency  =  27.9 us
tcp_lat:
    latency  =  28.4 us
tcp_lat:
    latency  =  28.2 us
tcp_lat:
    latency  =  27.6 us
tcp_lat:
    latency  =  66.4 us
tcp_lat:
    latency  =  66.6 us
tcp_lat:
    latency  =  73.9 us
tcp_lat:
    latency  =  86.9 us
tcp_lat:
    latency  =  126 us
================================
4.9.4zxj config
[root@CentOS ~]# iperf -c 192.168.12.11 -P 1 -i 1 -t 30
------------------------------------------------------------
Client connecting to 192.168.12.11, TCP port 5001
TCP window size: 85.0 KByte (default)
------------------------------------------------------------
[  3] local 192.168.12.12 port 59114 connected with 192.168.12.11 port 5001
[ ID] Interval       Transfer     Bandwidth
[  3]  0.0- 1.0 sec  1.09 GBytes  9.40 Gbits/sec
[  3]  1.0- 2.0 sec  1.10 GBytes  9.41 Gbits/sec
[  3]  2.0- 3.0 sec  1.10 GBytes  9.41 Gbits/sec
[  3]  3.0- 4.0 sec  1.10 GBytes  9.41 Gbits/sec
[  3]  4.0- 5.0 sec  1.10 GBytes  9.41 Gbits/sec
[  3]  5.0- 6.0 sec  1.10 GBytes  9.41 Gbits/sec
[  3]  6.0- 7.0 sec  1.10 GBytes  9.41 Gbits/sec
[  3]  7.0- 8.0 sec  1.10 GBytes  9.41 Gbits/sec
[  3]  8.0- 9.0 sec  1.10 GBytes  9.41 Gbits/sec
[  3]  9.0-10.0 sec  1.10 GBytes  9.41 Gbits/sec
[  3] 10.0-11.0 sec  1.10 GBytes  9.41 Gbits/sec
[  3] 11.0-12.0 sec  1.10 GBytes  9.41 Gbits/sec
[  3] 12.0-13.0 sec  1.10 GBytes  9.41 Gbits/sec
[  3] 13.0-14.0 sec  1.10 GBytes  9.42 Gbits/sec
[  3] 14.0-15.0 sec  1.10 GBytes  9.41 Gbits/sec
[  3] 15.0-16.0 sec  1.10 GBytes  9.41 Gbits/sec
[  3] 16.0-17.0 sec  1.10 GBytes  9.41 Gbits/sec
[  3] 17.0-18.0 sec  1.10 GBytes  9.41 Gbits/sec
[  3] 18.0-19.0 sec  1.10 GBytes  9.41 Gbits/sec
[  150.146704] usb 1-1.3: USB disconnect, device number 5
[  3] 19.0-20.0 sec  1.10 GBytes  9.41 Gbits/sec
[  3] 20.0-21.0 sec  1.10 GBytes  9.42 Gbits/sec
[  3] 21.0-22.0 sec  1.10 GBytes  9.41 Gbits/sec
[  3] 22.0-23.0 sec  1.10 GBytes  9.41 Gbits/sec
[  3] 23.0-24.0 sec  1.10 GBytes  9.42 Gbits/sec
[  3] 24.0-25.0 sec  1.10 GBytes  9.41 Gbits/sec
[  3] 25.0-26.0 sec  1.10 GBytes  9.41 Gbits/sec
[  3] 26.0-27.0 sec  1.10 GBytes  9.42 Gbits/sec
[  3] 27.0-28.0 sec  1.10 GBytes  9.41 Gbits/sec
[  3] 28.0-29.0 sec  1.10 GBytes  9.42 Gbits/sec
[  3] 29.0-30.0 sec  1.10 GBytes  9.41 Gbits/sec
[  3]  0.0-30.0 sec  32.9 GBytes  9.41 Gbits/sec
[root@CentOS ~]# qperf

[root@CentOS ~]# netperf -H 192.168.12.11 -l 60
MIGRATED TCP STREAM TEST from 0.0.0.0 (0.0.0.0) port 0 AF_INET to 192.168.12.11 () port 0 AF_INET
Recv   Send    Send                          
Socket Socket  Message  Elapsed              
Size   Size    Size     Time     Throughput  
bytes  bytes   bytes    secs.    10^6bits/sec  

 87380  16384  16384    60.00    9414.65   
    bw  =  1.72 MB/sec
tcp_bw:
    bw  =  3.47 MB/sec
tcp_bw:
    bw  =  6.58 MB/sec
tcp_bw:
    bw  =  13.4 MB/sec
tcp_bw:
    bw  =  25.6 MB/sec
tcp_bw:
    bw  =  50.1 MB/sec
tcp_bw:
    bw  =  104 MB/sec
tcp_bw:
    bw  =  197 MB/sec
tcp_bw:
    bw  =  347 MB/sec
tcp_bw:
    bw  =  519 MB/sec
tcp_bw:
    bw  =  699 MB/sec
tcp_bw:
    bw  =  860 MB/sec
tcp_bw:
    bw  =  1.18 GB/sec
tcp_bw:
    bw  =  1.18 GB/sec
tcp_bw:
    bw  =  1.17 GB/sec
tcp_bw:
    bw  =  1.18 GB/sec
tcp_lat:
    latency  =  27.6 us
tcp_lat:
    latency  =  27.6 us
tcp_lat:
    latency  =  27.6 us
tcp_lat:
    latency  =  27.6 us
tcp_lat:
    latency  =  27.6 us
tcp_lat:
    latency  =  27.6 us
tcp_lat:
    latency  =  27.6 us
tcp_lat:
    latency  =  27.6 us
tcp_lat:
    latency  =  27.6 us
tcp_lat:
    latency  =  27.6 us
tcp_lat:
    latency  =  27.6 us
tcp_lat:
    latency  =  61.2 us
tcp_lat:
    latency  =  62.3 us
tcp_lat:
    latency  =  68.8 us
tcp_lat:
    latency  =  75.1 us
tcp_lat:
    latency  =  91.4 us

==================
6.common mini config should be ok
TCP window size:  448 KByte (WARNING: requested  256 KByte)
------------------------------------------------------------
[  4] local 192.168.12.12 port 5001 connected with 192.168.12.11 port 42372
[ ID] Interval       Transfer     Bandwidth
[  4]  0.0-30.0 sec  32.9 GBytes  9.41 Gbits/sec
[  5] local 192.168.12.12 port 5001 connected with 192.168.12.11 port 42374
[  5]  0.0-30.0 sec  32.9 GBytes  9.41 Gbits/sec


------------------------------------------------------------
Server listening on TCP port 5001
TCP window size:  448 KByte (WARNING: requested  256 KByte)
------------------------------------------------------------
[  4] local 192.168.12.11 port 5001 connected with 192.168.12.12 port 36826
[ ID] Interval       Transfer     Bandwidth
[root@CentOS ~]#.9 GBytes  9.41 Gbits/sec
tcp_bw:
    bw  =  1.64 MB/sec
tcp_bw:
    bw  =  3.34 MB/sec
tcp_bw:
    bw  =  6.55 MB/sec
tcp_bw:
    bw  =  13 MB/sec
tcp_bw:
    bw  =  26 MB/sec
tcp_bw:
    bw  =  51 MB/sec
tcp_bw:
    bw  =  101 MB/sec
tcp_bw:
    bw  =  198 MB/sec
tcp_bw:
    bw  =  361 MB/sec
tcp_bw:
    bw  =  511 MB/sec
tcp_bw:
    bw  =  673 MB/sec
tcp_bw:
    bw  =  886 MB/sec
tcp_bw:
    bw  =  1.18 GB/sec
tcp_bw:
    bw  =  1.17 GB/sec
tcp_bw:
    bw  =  1.17 GB/sec
tcp_bw:
    bw  =  1.18 GB/sec
tcp_lat:
    latency  =  27.6 us
tcp_lat:
    latency  =  27.6 us
tcp_lat:
    latency  =  27.6 us
tcp_lat:
    latency  =  27.6 us
tcp_lat:
    latency  =  27.6 us
tcp_lat:
    latency  =  27.6 us
tcp_lat:
    latency  =  27.6 us
tcp_lat:
    latency  =  27.6 us
tcp_lat:
    latency  =  27.6 us
tcp_lat:
    latency  =  27.6 us
tcp_lat:
    latency  =  27.6 us
tcp_lat:
    latency  =  61.5 us
tcp_lat:
    latency  =  61.9 us
tcp_lat:
    latency  =  67.3 us
tcp_lat:
    latency  =  74.8 us
tcp_lat:
    latency  =  103 us
[root@CentOS ~]#  netperf -H 192.168.12.12 -l 60
MIGRATED TCP STREAM TEST from 0.0.0.0 (0.0.0.0) port 0 AF_INET to 192.168.12.12 () port 0 AF_INET

Recv   Send    Send                          
Socket Socket  Message  Elapsed              
Size   Size    Size     Time     Throughput  
bytes  bytes   bytes    secs.    10^6bits/sec  

 87380  16384  16384    60.00    9414.64   
================================================
  1).add estuary all test,estuary and zxj diff,use zxj diff.
[root@CentOS ~]# iperf -s -w 256k
------------------------------------------------------------
Server listening on TCP port 5001
TCP window size:  448 KByte (WARNING: requested  256 KByte)
------------------------------------------------------------
[  4] local 192.168.12.11 port 5001 connected with 192.168.12.12 port 37552
[ ID] Interval       Transfer     Bandwidth
[  4]  0.0-30.0 sec  29.5 GBytes  8.46 Gbits/sec
[  5] local 192.168.12.11 port 5001 connected with 192.168.12.12 port 37554
[  5]  0.0-30.0 sec  25.0 GBytes  7.17 Gbits/sec
[root@CentOS ~]# iperf -c 192.168.12.12 -P 1 -i 1 -t 30
------------------------------------------------------------
Client connecting to 192.168.12.12, TCP port 5001
TCP window size: 85.0 KByte (default)
------------------------------------------------------------
[  3] local 192.168.12.11 port 34204 connected with 192.168.12.12 port 5001
[ ID] Interval       Transfer     Bandwidth
[  3]  0.0- 1.0 sec  1002 MBytes  8.41 Gbits/sec
[  3]  1.0- 2.0 sec   914 MBytes  7.67 Gbits/sec
[  3]  2.0- 3.0 sec   911 MBytes  7.64 Gbits/sec
[  3]  3.0- 4.0 sec   908 MBytes  7.62 Gbits/sec
[  3]  4.0- 5.0 sec   905 MBytes  7.59 Gbits/sec
[  3]  5.0- 6.0 sec   904 MBytes  7.59 Gbits/sec
[  3]  6.0- 7.0 sec   907 MBytes  7.61 Gbits/sec
[  3]  7.0- 8.0 sec   904 MBytes  7.58 Gbits/sec
[  3]  8.0- 9.0 sec   922 MBytes  7.73 Gbits/sec
[  3]  9.0-10.0 sec   898 MBytes  7.54 Gbits/sec
[  3] 10.0-11.0 sec   900 MBytes  7.55 Gbits/sec
[  3] 11.0-12.0 sec   898 MBytes  7.54 Gbits/sec
[  3] 12.0-13.0 sec   899 MBytes  7.54 Gbits/sec
[  3] 13.0-14.0 sec   899 MBytes  7.54 Gbits/sec
[  3] 14.0-15.0 sec   898 MBytes  7.53 Gbits/sec
[  3] 15.0-16.0 sec   899 MBytes  7.54 Gbits/sec
[  3] 16.0-17.0 sec   898 MBytes  7.54 Gbits/sec
[  3] 17.0-18.0 sec   900 MBytes  7.55 Gbits/sec
[  3] 18.0-19.0 sec   898 MBytes  7.54 Gbits/sec
[  3] 19.0-20.0 sec   901 MBytes  7.56 Gbits/sec
[  3] 20.0-21.0 sec   929 MBytes  7.79 Gbits/sec
[  3] 21.0-22.0 sec  1.09 GBytes  9.39 Gbits/sec
[  3] 22.0-23.0 sec  1.10 GBytes  9.41 Gbits/sec
[  3] 23.0-24.0 sec  1.10 GBytes  9.42 Gbits/sec
[  3] 24.0-25.0 sec  1.10 GBytes  9.42 Gbits/sec
[  3] 25.0-26.0 sec  1.10 GBytes  9.41 Gbits/sec
[  3] 26.0-27.0 sec  1.10 GBytes  9.41 Gbits/sec
[  3] 27.0-28.0 sec  1.10 GBytes  9.41 Gbits/sec
[  3] 28.0-29.0 sec  1.09 GBytes  9.38 Gbits/sec
[  3] 29.0-30.0 sec   926 MBytes  7.77 Gbits/sec
[  3]  0.0-30.0 sec  28.3 GBytes  8.11 Gbits/sec
[root@CentOS ~]# iperf -c 192.168.12.12 -P 1 -i 1 -t 30
(reverse-i-search)`iperf': iperf -c 192.168.12.12 -P 1 -i 1 -t 30
[root@CentOS ~]# qperf

[root@CentOS ~]#  netperf -H 192.168.12.12 -l 60
MIGRATED TCP STREAM TEST from 0.0.0.0 (0.0.0.0) port 0 AF_INET to 192.168.12.12 () port 0 AF_INET

Recv   Send    Send                          
Socket Socket  Message  Elapsed              
Size   Size    Size     Time     Throughput  
bytes  bytes   bytes    secs.    10^6bits/sec  

 87380  16384  16384    60.00    9414.64  

===============================================
  2).add estuary 1-1470 test,estuary and zxj diff,use zxj diff.
[root@CentOS ~]# iperf -c 192.168.12.12 -P 1 -i 1 -t 30
------------------------------------------------------------
Client connecting to 192.168.12.12, TCP port 5001
TCP window size: 85.0 KByte (default)
------------------------------------------------------------
[  3] local 192.168.12.11 port 50946 connected with 192.168.12.12 port 5001
[ ID] Interval       Transfer     Bandwidth
[  3]  0.0- 1.0 sec  1.09 GBytes  9.33 Gbits/sec
[  3]  1.0- 2.0 sec  1.10 GBytes  9.41 Gbits/sec
[  3]  2.0- 3.0 sec  1.09 GBytes  9.38 Gbits/sec
[  3]  3.0- 4.0 sec   955 MBytes  8.01 Gbits/sec
[  3]  4.0- 5.0 sec  1.05 GBytes  9.04 Gbits/sec
[  3]  5.0- 6.0 sec  1.10 GBytes  9.42 Gbits/sec
[  3]  6.0- 7.0 sec  1.10 GBytes  9.42 Gbits/sec
[  3]  7.0- 8.0 sec  1.10 GBytes  9.42 Gbits/sec
[  3]  8.0- 9.0 sec  1.10 GBytes  9.41 Gbits/sec
[  3]  9.0-10.0 sec  1.10 GBytes  9.41 Gbits/sec
[  3] 10.0-11.0 sec  1.10 GBytes  9.42 Gbits/sec
[  3] 11.0-12.0 sec  1.10 GBytes  9.42 Gbits/sec
[  3] 12.0-13.0 sec  1.10 GBytes  9.41 Gbits/sec
[  3] 13.0-14.0 sec  1.09 GBytes  9.38 Gbits/sec
[  3] 14.0-15.0 sec  1.10 GBytes  9.41 Gbits/sec
[  3] 15.0-16.0 sec  1.10 GBytes  9.42 Gbits/sec
[  3] 16.0-17.0 sec  1.10 GBytes  9.41 Gbits/sec
[  3] 17.0-18.0 sec  1.06 GBytes  9.07 Gbits/sec
[  3] 18.0-19.0 sec   949 MBytes  7.96 Gbits/sec
[  3] 19.0-20.0 sec  1.07 GBytes  9.17 Gbits/sec
[  3] 20.0-21.0 sec  1.10 GBytes  9.42 Gbits/sec
[  3] 21.0-22.0 sec  1.10 GBytes  9.41 Gbits/sec
[  3] 22.0-23.0 sec  1.10 GBytes  9.42 Gbits/sec
[  3] 23.0-24.0 sec  1.10 GBytes  9.41 Gbits/sec
[  3] 24.0-25.0 sec  1.10 GBytes  9.42 Gbits/sec
[  3] 25.0-26.0 sec  1.10 GBytes  9.41 Gbits/sec
[  3] 26.0-27.0 sec  1.10 GBytes  9.41 Gbits/sec
[  3] 27.0-28.0 sec  1.10 GBytes  9.42 Gbits/sec
[  3] 28.0-29.0 sec  1.10 GBytes  9.41 Gbits/sec
[  3] 29.0-30.0 sec  1.04 GBytes  8.93 Gbits/sec
[  3]  0.0-30.0 sec  32.4 GBytes  9.27 Gbits/sec
[root@CentOS ~]# iperf -c 192.168.12.12 -P 1 -i 1 -t 30
------------------------------------------------------------
Client connecting to 192.168.12.12, TCP port 5001
TCP window size: 85.0 KByte (default)
------------------------------------------------------------
[  3] local 192.168.12.11 port 50948 connected with 192.168.12.12 port 5001
[ ID] Interval       Transfer     Bandwidth
[  3]  0.0- 1.0 sec   992 MBytes  8.32 Gbits/sec
[  3]  1.0- 2.0 sec   910 MBytes  7.64 Gbits/sec
[  3]  2.0- 3.0 sec   905 MBytes  7.59 Gbits/sec
[  3]  3.0- 4.0 sec   903 MBytes  7.57 Gbits/sec
[  3]  4.0- 5.0 sec   901 MBytes  7.56 Gbits/sec
[  3]  5.0- 6.0 sec  1.08 GBytes  9.24 Gbits/sec
[  3]  6.0- 7.0 sec  1.10 GBytes  9.41 Gbits/sec
[  3]  7.0- 8.0 sec  1.10 GBytes  9.41 Gbits/sec
[  3]  8.0- 9.0 sec  1.10 GBytes  9.42 Gbits/sec
[  3]  9.0-10.0 sec  1.10 GBytes  9.41 Gbits/sec
[  3] 10.0-11.0 sec  1.10 GBytes  9.41 Gbits/sec
[  3] 11.0-12.0 sec  1.10 GBytes  9.42 Gbits/sec
[  3] 12.0-13.0 sec  1.10 GBytes  9.42 Gbits/sec
[  3] 13.0-14.0 sec  1.10 GBytes  9.41 Gbits/sec
[  3] 14.0-15.0 sec  1.10 GBytes  9.42 Gbits/sec
[  3] 15.0-16.0 sec  1.10 GBytes  9.41 Gbits/sec
[  3] 16.0-17.0 sec  1.09 GBytes  9.40 Gbits/sec
[  3] 17.0-18.0 sec   966 MBytes  8.11 Gbits/sec
[  3] 18.0-19.0 sec   900 MBytes  7.55 Gbits/sec
[  3] 19.0-20.0 sec   900 MBytes  7.55 Gbits/sec
[  3] 20.0-21.0 sec   899 MBytes  7.54 Gbits/sec
[  3] 21.0-22.0 sec   898 MBytes  7.53 Gbits/sec
[  3] 22.0-23.0 sec   900 MBytes  7.55 Gbits/sec
[  3] 23.0-24.0 sec   898 MBytes  7.53 Gbits/sec
[  3] 24.0-25.0 sec   899 MBytes  7.54 Gbits/sec
[  3] 25.0-26.0 sec   954 MBytes  8.00 Gbits/sec
[  3] 26.0-27.0 sec   902 MBytes  7.56 Gbits/sec
[  3] 27.0-28.0 sec   900 MBytes  7.55 Gbits/sec
[  3] 28.0-29.0 sec   902 MBytes  7.56 Gbits/sec
[  3] 29.0-30.0 sec   901 MBytes  7.55 Gbits/sec
[  3]  0.0-30.0 sec  29.2 GBytes  8.35 Gbits/sec
[root@CentOS ~]# iperf -s -w 256k
------------------------------------------------------------
Server listening on TCP port 5001
TCP window size:  448 KByte (WARNING: requested  256 KByte)
------------------------------------------------------------
[  4] local 192.168.12.11 port 5001 connected with 192.168.12.12 port 47972
[ ID] Interval       Transfer     Bandwidth
[  4]  0.0-30.0 sec  27.0 GBytes  7.72 Gbits/sec
[root@CentOS ~]# qperf


[root@CentOS ~]#  netperf -H 192.168.12.12 -l 60
MIGRATED TCP STREAM TEST from 0.0.0.0 (0.0.0.0) port 0 AF_INET to 192.168.12.12 () port 0 AF_INET
Recv   Send    Send                          
Socket Socket  Message  Elapsed              
Size   Size    Size     Time     Throughput  
bytes  bytes   bytes    secs.    10^6bits/sec  

 87380  16384  16384    60.01    8041.00   

================================================
  3).add estuary 1471-2994 test,estuary and zxj diff,use zxj diff.
[root@CentOS ~]# iperf -s -w 256k
------------------------------------------------------------
Server listening on TCP port 5001
TCP window size:  448 KByte (WARNING: requested  256 KByte)
------------------------------------------------------------
[  4] local 192.168.12.11 port 5001 connected with 192.168.12.12 port 33018
[ ID] Interval       Transfer     Bandwidth
[  4]  0.0-30.0 sec  32.8 GBytes  9.40 Gbits/sec
[  5] local 192.168.12.11 port 5001 connected with 192.168.12.12 port 33020
[  5]  0.0-30.0 sec  31.6 GBytes  9.05 Gbits/sec
[root@CentOS ~]# iperf -c 192.168.12.12 -P 1 -i 1 -t 30
connect failed: Connection refused
[root@CentOS ~]# iperf -c 192.168.12.12 -P 1 -i 1 -t 30
------------------------------------------------------------
Client connecting to 192.168.12.12, TCP port 5001
TCP window size: 85.0 KByte (default)
------------------------------------------------------------
[  3] local 192.168.12.11 port 55484 connected with 192.168.12.12 port 5001
[ ID] Interval       Transfer     Bandwidth
[  3]  0.0- 1.0 sec   994 MBytes  8.33 Gbits/sec
[  3]  1.0- 2.0 sec   916 MBytes  7.68 Gbits/sec
[  3]  2.0- 3.0 sec   911 MBytes  7.65 Gbits/sec
[  3]  3.0- 4.0 sec   910 MBytes  7.63 Gbits/sec
[  3]  4.0- 5.0 sec   953 MBytes  7.99 Gbits/sec
[  3]  5.0- 6.0 sec   905 MBytes  7.59 Gbits/sec
[  3]  6.0- 7.0 sec   906 MBytes  7.60 Gbits/sec
[  3]  7.0- 8.0 sec   904 MBytes  7.58 Gbits/sec
[  3]  8.0- 9.0 sec   906 MBytes  7.60 Gbits/sec
[  3]  9.0-10.0 sec   904 MBytes  7.59 Gbits/sec
[  3] 10.0-11.0 sec   905 MBytes  7.59 Gbits/sec
[  3] 11.0-12.0 sec   904 MBytes  7.59 Gbits/sec
[  3] 12.0-13.0 sec   940 MBytes  7.88 Gbits/sec
[  3] 13.0-14.0 sec   905 MBytes  7.59 Gbits/sec
[  3] 14.0-15.0 sec   906 MBytes  7.60 Gbits/sec
[  3] 15.0-16.0 sec   907 MBytes  7.61 Gbits/sec
[  3] 16.0-17.0 sec   954 MBytes  8.00 Gbits/sec
[  3] 17.0-18.0 sec   905 MBytes  7.59 Gbits/sec
[  3] 18.0-19.0 sec   906 MBytes  7.60 Gbits/sec
[  3] 19.0-20.0 sec   905 MBytes  7.59 Gbits/sec
[  3] 20.0-21.0 sec   906 MBytes  7.60 Gbits/sec
[  3] 21.0-22.0 sec   907 MBytes  7.61 Gbits/sec
[  3] 22.0-23.0 sec   907 MBytes  7.61 Gbits/sec
[  3] 23.0-24.0 sec   904 MBytes  7.59 Gbits/sec
[  3] 24.0-25.0 sec   906 MBytes  7.60 Gbits/sec
[  3] 25.0-26.0 sec   905 MBytes  7.59 Gbits/sec
[  3] 26.0-27.0 sec   907 MBytes  7.61 Gbits/sec
[  3] 27.0-28.0 sec   907 MBytes  7.61 Gbits/sec
[  3] 28.0-29.0 sec   906 MBytes  7.60 Gbits/sec
[  3] 29.0-30.0 sec   907 MBytes  7.61 Gbits/sec
[  3]  0.0-30.0 sec  26.8 GBytes  7.66 Gbits/sec
[root@CentOS ~]# qperf
[root@CentOS ~]#  netperf -H 192.168.12.12 -l 60
MIGRATED TCP STREAM TEST from 0.0.0.0 (0.0.0.0) port 0 AF_INET to 192.168.12.12 () port 0 AF_INET

Recv   Send    Send                          
Socket Socket  Message  Elapsed              
Size   Size    Size     Time     Throughput  
bytes  bytes   bytes    secs.    10^6bits/sec  

 87380  16384  16384    60.00    9414.64 

